Traceback (most recent call last):
  File "/home/juliana/.cache/pypoetry/virtualenvs/solid-principles-notebook-DQFqUd1F-py3.13/lib/python3.13/site-packages/jupyter_core/utils/__init__.py", line 154, in wrapped
    asyncio.get_running_loop()
    ~~~~~~~~~~~~~~~~~~~~~~~~^^
RuntimeError: no running event loop

During handling of the above exception, another exception occurred:

Traceback (most recent call last):
  File "/home/juliana/.cache/pypoetry/virtualenvs/solid-principles-notebook-DQFqUd1F-py3.13/lib/python3.13/site-packages/jupyter_cache/executors/utils.py", line 58, in single_nb_execution
    executenb(
    ~~~~~~~~~^
        nb,
        ^^^
    ...<4 lines>...
        **kwargs,
        ^^^^^^^^^
    )
    ^
  File "/home/juliana/.cache/pypoetry/virtualenvs/solid-principles-notebook-DQFqUd1F-py3.13/lib/python3.13/site-packages/nbclient/client.py", line 1319, in execute
    return NotebookClient(nb=nb, resources=resources, km=km, **kwargs).execute()
           ~~~~~~~~~~~~~~~~~~~~~~~~~~~~~~~~~~~~~~~~~~~~~~~~~~~~~~~~~~~~~~~~~~~^^
  File "/home/juliana/.cache/pypoetry/virtualenvs/solid-principles-notebook-DQFqUd1F-py3.13/lib/python3.13/site-packages/jupyter_core/utils/__init__.py", line 158, in wrapped
    return loop.run_until_complete(inner)
           ~~~~~~~~~~~~~~~~~~~~~~~^^^^^^^
  File "/home/juliana/.pyenv/versions/3.13.3/lib/python3.13/asyncio/base_events.py", line 719, in run_until_complete
    return future.result()
           ~~~~~~~~~~~~~^^
  File "/home/juliana/.cache/pypoetry/virtualenvs/solid-principles-notebook-DQFqUd1F-py3.13/lib/python3.13/site-packages/nbclient/client.py", line 709, in async_execute
    await self.async_execute_cell(
        cell, index, execution_count=self.code_cells_executed + 1
    )
  File "/home/juliana/.cache/pypoetry/virtualenvs/solid-principles-notebook-DQFqUd1F-py3.13/lib/python3.13/site-packages/nbclient/client.py", line 1062, in async_execute_cell
    await self._check_raise_for_error(cell, cell_index, exec_reply)
  File "/home/juliana/.cache/pypoetry/virtualenvs/solid-principles-notebook-DQFqUd1F-py3.13/lib/python3.13/site-packages/nbclient/client.py", line 918, in _check_raise_for_error
    raise CellExecutionError.from_cell_and_msg(cell, exec_reply_content)
nbclient.exceptions.CellExecutionError: An error occurred while executing the following cell:
------------------
>>> from shapes_ocp import Shape

>>> rectangle = Shape("rectangle", width=10, height=5)
>>> rectangle.calculate_area()
50
>>> circle = Shape("circle", radius=5)
>>> circle.calculate_area()
78.53981633974483

------------------


[0;31m---------------------------------------------------------------------------[0m
[0;31mModuleNotFoundError[0m                       Traceback (most recent call last)
Cell [0;32mIn[5], line 1[0m
[0;32m----> 1[0m [38;5;28;01mfrom[39;00m[38;5;250m [39m[38;5;21;01mshapes_ocp[39;00m[38;5;250m [39m[38;5;28;01mimport[39;00m Shape
[1;32m      3[0m rectangle [38;5;241m=[39m Shape([38;5;124m"[39m[38;5;124mrectangle[39m[38;5;124m"[39m, width[38;5;241m=[39m[38;5;241m10[39m, height[38;5;241m=[39m[38;5;241m5[39m)
[1;32m      4[0m rectangle[38;5;241m.[39mcalculate_area()

[0;31mModuleNotFoundError[0m: No module named 'shapes_ocp'

